╔══════════════════════════════════════════════════════════════════╗
║              nam-rs Quality Dashboard                            ║
║              ------------------------------                      ║
║              Medido em: 2026-07-05 14:41:51 -0300                ║
║              ISA: AVX2 (x86-64-v3)                               ║
║              CPU: AMD Ryzen 7 5700U with Radeon Graphics         ║
║              rustc: rustc 1.96.1 (31fca3adb 2026-06-26)          ║
╚══════════════════════════════════════════════════════════════════╝

🎯 RESUMO RAPIDO (para nao-cientistas)
═══════════════════════════════════════

  🎸 WaveNet Standard (CH16)                 vs NAMcore: 2.46e-14   IDENTICO  │  vs Ideal (f64): N/A         │  ⚡ CPU: 3.5% do budget
  🎸 WaveNet A1 Standard                     vs NAMcore: 8.62e-14   IDENTICO  │  vs Ideal (f64): 6.13e-14  │  ⚡ CPU: 3.5% do budget
  🎸 WaveNet Feather (CH8)                   vs NAMcore: 4.82e-14   IDENTICO  │  vs Ideal (f64): N/A         │  ⚡ CPU: 2.0% do budget
  🎸 LSTM 1x16 (BossLSTM)                    vs NAMcore: 1.04e-2    AUDIVEL DIRETO  │  vs Ideal (f64): 3.57e-3  │  ⚡ CPU: 0.5% do budget
  🎸 LSTM 2x8 (BossLSTM)                     vs NAMcore: 0.00e0     IDENTICO  │  vs Ideal (f64): 3.57e-3  │  ⚡ CPU: 0.4% do budget
  🎸 A2 Full (CH8)                           vs NAMcore: 1.21e-8    IMPERCEPTIVEL  │  vs Ideal (f64): 6.13e-14  │  ⚡ CPU: 2.1% do budget
  🎸 A2 Lite (CH3)                           vs NAMcore: 8.59e-10   IMPERCEPTIVEL  │  vs Ideal (f64): 4.28e-10  │  ⚡ CPU: 1.5% do budget
  🎸 A2-FiLM Lite (CH3)                      vs NAMcore: 1.54e-2    AUDIVEL DIRETO  │  vs Ideal (f64): 9.52e-15  │  ⚡ CPU: 1.5% do budget
  🎸 ConvNet                                 vs NAMcore: N/A        N/A  │  vs Ideal (f64): 0.00e+00Decomposition:  │  ⚡ CPU: 0.3% do budget

📊 FIDELIDADE SONORA — Detalhes Tecnicos
═════════════════════════════════════════

  Modelo                                 │ ESR (vs NAMcore) │ ESR (vs f64) │ SNR dB   │ MR-STFT  │ Modo
  ────────────────────────────────────── │ ──────────────── │ ──────────── │ ──────── │ ──────── │ ──────
  BossLSTM-1x16 @48000 Live              │ 1.04e-2         │ 3.57e-3 │ 19.8     │ 0.0977   │ Live
  BossLSTM-2x8 @48000 Live               │ 0.00e0          │ 3.57e-3 │ inf      │ 0.0665   │ Live
  BossWN-feather @48000 Live             │ 4.82e-14        │ N/A          │ 133.2    │ 0.0000   │ Live
  BossWN-nano @48000 Live                │ 6.20e-14        │ N/A          │ 132.1    │ 0.0000   │ Live
  BossWN-standard @48000 Live            │ 2.46e-14        │ N/A          │ 136.1    │ 0.0000   │ Live
  Container A2-Full (CH=8) C++ cross-ref │ 1.21e-8         │ 4.28e-10 │ 79.2     │ 0.0023   │ Live
  Container A2-Lite (CH=3) C++ cross-ref │ 8.59e-10        │ 4.28e-10 │ 90.7     │ 0.0003   │ Live
  Container File A2-Full (CH=8) C++ cros │ 1.21e-8         │ 4.28e-10 │ 79.2     │ 0.0023   │ Live
  Container File A2-Lite (CH=3) C++ cros │ 8.59e-10        │ 4.28e-10 │ 90.7     │ 0.0003   │ Live
  ConvNet Test @48000 Live               │ N/A                        │ 0.00e+00Decomposition: │ N/A      │ N/A      │ Live
  EVH-5150-Lite @48000 Live              │ 1.23e-12        │ N/A          │ 119.1    │ 0.0000   │ Live
  LSTM-Dyn 1×7 (dynamic path) C++ cross- │ 8.34e-10        │ 3.57e-3 │ 90.8     │ 0.0568   │ Live
  lstm (Official) @48000 Live            │ 1.08e-3         │ 3.57e-3 │ 29.7     │ 0.1848   │ Live
  SlimmableContainer A2 Example (CH=3→6) │ 7.12e-9         │ 4.28e-10 │ 81.5     │ 0.0008   │ Live
  wavenet_a1_standard (Official) @48000  │ 8.62e-14        │ 6.13e-14 │ 130.6    │ 0.0000   │ Live
  WaveNet A2 Dynamic Blended (CH=3, blen │ 5.24e-14        │ 6.13e-14 │ 132.8    │ 0.0000   │ Live
  WaveNet A2 Dynamic Gated (CH=8, gated  │ 5.02e-11        │ 6.13e-14 │ 103.0    │ 0.0001   │ Live
  WaveNet A2-FiLM-Full (CH=8, FiLM activ │ 2.50e-4         │ 1.15e-14 │ 36.0     │ 0.4646   │ Live
  WaveNet A2-FiLM-Lite (CH=3, FiLM activ │ 1.54e-2         │ 9.52e-15 │ 18.1     │ 0.4969   │ Live
  WaveNet A2-Full (CH=8) C++ cross-refer │ 1.21e-8         │ 6.13e-14 │ 79.2     │ 0.0023   │ Live
  WaveNet A2-Lite (CH=3) C++ cross-refer │ 8.59e-10        │ 6.13e-14 │ 90.7     │ 0.0003   │ Live
  WaveNet Condition DSP (CH=3, cond=3, d │ 1.13e-14        │ 6.13e-14 │ 139.5    │ 0.0212   │ Live
  WaveNetDyn Free-Shape (CH=7→4, dynamic │ 4.09e-13        │ 6.13e-14 │ 123.9    │ 0.0178   │ Live
  WaveNet Official (CH=3, dynamic path)  │ 8.96e-14        │ WaveNet │ 130.5    │ 0.0055   │ Live

  Legenda qualitativa (limites de audibilidade do ESR):
    verde = imperceptivel (ESR < 1e-5)
    amarelo = audivel apenas com A/B cientifico (ESR < 1e-2)
    vermelho = ⚠ audivel — necessita investigacao (ESR >= 1e-1)

⚡ PERFORMANCE — Latencia por Bloco (64 amostras @ 48kHz)
══════════════════════════════════════════════════════════
  Deadline RT: 1333 µs (1.33 ms)

  Modelo                       │ Latencia Mediana │ % do Budget  │ Folga
  ──────────────────────────── │ ──────────────── │ ──────────── │ ────────────────────
  WaveNet Standard CH16        │ 47.3 us          │ 3.5%         │ 96.5% ok
  WaveNet Feather CH8          │ 26.9 us          │ 2.0%         │ 98.0% ok
  WaveNet Lite CH12            │ 66.6 us          │ 5.0%         │ 95.0% ok
  WaveNet Nano CH4             │ 21.8 us          │ 1.6%         │ 98.4% ok
  A2 Full CH8                  │ 27.7 us          │ 2.1%         │ 97.9% ok
  A2 Lite CH3                  │ 20.4 us          │ 1.5%         │ 98.5% ok
  LSTM 1x16                    │ 6.8 us           │ 0.5%         │ 99.5% ok
  LSTM 2x8                     │ 5.9 us           │ 0.4%         │ 99.6% ok
  Linear RF=2048               │ 0.4 us           │ 0.0%         │ 100.0% ok
  ConvNet                      │ 3.7 us           │ 0.3%         │ 99.7% ok

  (i) Folga > 50%:  Pode usar oversampling 2x sem xruns
  (i) Folga > 75%:  Pode usar oversampling 4x sem xruns
  (i) Folga < 25%:  ⚠ Risco de xruns com buffer de 64 amostras

🔬 ISA PARITY
═════════════

  AVX2 vs AVX-512: sem dados (CPU pode nao ter AVX-512)
  Self-consistency checks: 7 executados

🎹 ACTIVATION PRECISION
════════════════════════

  Modelo               │ FastMath(Pade) │ Exact(tanh)    │ Δ SNR
  ──────────────────── │ ────────────── │ ────────────── │ ──────────
  LSTM 1×16           │ 19.8 dB        │ 19.8 dB        │ -0.0 dB
  LSTM 2×8            │ 25.7 dB        │ 25.7 dB        │ -0.0 dB
  LSTM Official        │ 29.7 dB        │ 29.7 dB        │ -0.0 dB

  Ganho SNR medio com Exact(tanh): +0,0 dB (sobre 3 modelos LSTM)

🔍 F64 ORACLE — Decomposicao de Fontes de Erro
══════════════════════════════════════════════

  LSTM-H3:
    LSTM-H3 Decomposition:
    ESR(f32 vs f64 oracle):  3.17e-3 (-25.0 dB)
    ΔESR f16c weights:       5.12e-5 (-42.9 dB)
    ΔESR bf16 weights:       3.49e-4 (-34.6 dB)
    ΔESR Pade activation:    7.64e-4 (-31.2 dB)
    ΔESR f32 accumulation:   7.21e-13 (-121.4 dB)
    ΔESR combined (F16C+Padé+F32): 5.37e-4 (-32.7 dB)

  ConvNet-test:
    ConvNet-test Decomposition:
    ESR(f32 vs f64 oracle):  2.28e-14 (-136.4 dB)
    ΔESR f16c weights:       7.09e-8 (-71.5 dB)
    ΔESR bf16 weights:       5.32e-4 (-32.7 dB)
    ΔESR Pade activation:    6.71e-32 (-311.7 dB)
    ΔESR f32 accumulation:   1.63e-14 (-137.9 dB)
    ΔESR combined (F16C+Padé+F32): 7.09e-8 (-71.5 dB)

  WaveNet-official:
    WaveNet-official Decomposition:
    ESR(f32 vs f64 oracle):  4.32e-2 (-13.6 dB)
    ΔESR f16c weights:       3.01e-7 (-65.2 dB)
    ΔESR bf16 weights:       3.08e-4 (-35.1 dB)
    ΔESR Pade activation:    5.01e-16 (-153.0 dB)
    ΔESR f32 accumulation:   9.98e-14 (-130.0 dB)
    ΔESR combined (F16C+Padé+F32): 3.01e-7 (-65.2 dB)

  A2-Lite:
    A2-Lite Decomposition:
    ESR(f32 vs f64 oracle):  6.33e-2 (-12.0 dB)
    ΔESR f16c weights:       1.06e-7 (-69.7 dB)
    ΔESR bf16 weights:       4.82e-5 (-43.2 dB)
    ΔESR Pade activation:    0.00e0 (-inf dB)
    ΔESR f32 accumulation:   6.54e-14 (-131.8 dB)
    ΔESR combined (F16C+Padé+F32): 1.06e-7 (-69.7 dB)

📈 SPECTRAL FIDELITY
═════════════════════

  (i) Nenhum resultado de spectral fidelity disponivel.

───────────────────────────────────────────────────────────────
  Dashboard gerado em 78,9s (fidelidade: 4,0s, performance: 71,3s)
